Entry in rrnoiseTest
Entry in rrnoiseTest
127.0.0.1 - - [12/Aug/2020 14:55:29] "[37mGET /data?fname=rawip.wav HTTP/1.1[0m" 200 -
Entry in rrnoiseTest
Entry in rrnoiseTest
Entry in rrnoiseTest
Entry in rrnoiseTest
127.0.0.1 - - [12/Aug/2020 14:55:44] "[37mGET /data?fname=rawip.wav HTTP/1.1[0m" 200 -
127.0.0.1 - - [12/Aug/2020 14:55:44] "[37mGET /data?fname=rawip.wav HTTP/1.1[0m" 200 -
Entry in rrnoiseTest
Entry in rrnoiseTest
Entry in rrnoiseTest
Entry in rrnoiseTest
Entry in rrnoiseTest
Entry in rrnoiseTest
127.0.0.1 - - [12/Aug/2020 14:56:08] "[35m[1mGET /data?fname=rawip-4.wav HTTP/1.1[0m" 500 -
127.0.0.1 - - [12/Aug/2020 14:56:08] "[35m[1mGET /data?fname=rawip-4.wav HTTP/1.1[0m" 500 -
127.0.0.1 - - [12/Aug/2020 14:56:08] "[35m[1mGET /data?fname=rawip-4.wav HTTP/1.1[0m" 500 -
Entry in rrnoiseTest
Entry in rrnoiseTest
Entry in rrnoiseTest
Entry in rrnoiseTest
Entry in rrnoiseTest
Entry in rrnoiseTest
Entry in rrnoiseTest
Entry in rrnoiseTest
127.0.0.1 - - [12/Aug/2020 14:56:17] "[35m[1mGET /data?fname=rawip-4.wav HTTP/1.1[0m" 500 -
127.0.0.1 - - [12/Aug/2020 14:56:17] "[35m[1mGET /data?fname=rawip-4.wav HTTP/1.1[0m" 500 -
127.0.0.1 - - [12/Aug/2020 14:56:17] "[35m[1mGET /data?fname=rawip-4.wav HTTP/1.1[0m" 500 -
127.0.0.1 - - [12/Aug/2020 14:56:17] "[35m[1mGET /data?fname=rawip-4.wav HTTP/1.1[0m" 500 -
Entry in rrnoiseTest
Entry in rrnoiseTest
Entry in rrnoiseTest
Entry in rrnoiseTest
Entry in rrnoiseTest
Entry in rrnoiseTest
Entry in rrnoiseTest
Entry in rrnoiseTest
Entry in rrnoiseTest
Entry in rrnoiseTest
127.0.0.1 - - [12/Aug/2020 14:56:44] "[37mGET /data?fname=rawip-3.wav HTTP/1.1[0m" 200 -
127.0.0.1 - - [12/Aug/2020 14:56:44] "[37mGET /data?fname=rawip-3.wav HTTP/1.1[0m" 200 -
127.0.0.1 - - [12/Aug/2020 14:56:44] "[37mGET /data?fname=rawip-3.wav HTTP/1.1[0m" 200 -
127.0.0.1 - - [12/Aug/2020 14:56:44] "[37mGET /data?fname=rawip-3.wav HTTP/1.1[0m" 200 -
127.0.0.1 - - [12/Aug/2020 14:56:44] "[37mGET /data?fname=rawip-3.wav HTTP/1.1[0m" 200 -
 * Running on http://127.0.0.1:5000/ (Press CTRL+C to quit)
Entry in rrnoiseTest
Entry in rrnoiseTest
127.0.0.1 - - [12/Aug/2020 15:10:20] "[37mGET /data?fname=rawip-3.wav HTTP/1.1[0m" 200 -
Entry in rrnoiseTest
Entry in rrnoiseTest
127.0.0.1 - - [12/Aug/2020 15:30:12] "[37mGET /data?fname=rawip-3.wav HTTP/1.1[0m" 200 -
